2026-01-23 11:35:24 - INFO - starting orchestrator
2026-01-23 11:35:24 - INFO - Starting modules/1.file_retrieval.py
2026-01-23 11:35:37 - ERROR - Module modules/1.file_retrieval.py failed with exit code 1
2026-01-23 11:35:37 - ERROR - modules/1.file_retrieval.py errors before failure:
Traceback (most recent call last):
  File "/home/runner/work/NSW-Fuel-Price-Insights/NSW-Fuel-Price-Insights/modules/1.file_retrieval.py", line 58, in push_file_to_repo
    subprocess.run(["git", "commit", "-m", commit_message], check=True)  # fail if nothing changed
    ^^^^^^^^^^^^^^^^^^^^^^^^^^^^^^^^^^^^^^^^^^^^^^^^^^^^^^^^^^^^^^^^^^^
  File "/opt/hostedtoolcache/Python/3.11.14/x64/lib/python3.11/subprocess.py", line 571, in run
    raise CalledProcessError(retcode, process.args,
subprocess.CalledProcessError: Command '['git', 'commit', '-m', 'data file loaded _20260123_11h35']' returned non-zero exit status 1.

During handling of the above exception, another exception occurred:

Traceback (most recent call last):
  File "/home/runner/work/NSW-Fuel-Price-Insights/NSW-Fuel-Price-Insights/modules/1.file_retrieval.py", line 97, in <module>
    push_file_to_repo(datafile, f"data file loaded {datetimestamp}")
  File "/home/runner/work/NSW-Fuel-Price-Insights/NSW-Fuel-Price-Insights/modules/1.file_retrieval.py", line 62, in push_file_to_repo
    raise Exception("Nothing to commit. Script stopped.")
Exception: Nothing to commit. Script stopped.

